2026-02-05 11:56:30,189 - main - INFO - Starting SDL Security News Crawler
2026-02-05 11:56:30,189 - main - INFO - Fetching articles from sources...
2026-02-05 11:56:30,189 - main - WARNING - No articles fetched
2026-02-05 11:56:44,108 - main - INFO - Starting SDL Security News Crawler
2026-02-05 11:56:44,108 - main - INFO - Fetching articles from sources...
2026-02-05 11:56:44,108 - main - WARNING - No articles fetched
2026-02-05 11:56:54,171 - main - INFO - Starting SDL Security News Crawler
2026-02-05 11:56:54,171 - main - INFO - Fetching articles from sources...
2026-02-05 11:56:54,171 - main - WARNING - No articles fetched
2026-02-05 11:57:00,551 - main - INFO - Starting SDL Security News Crawler
2026-02-05 11:57:00,552 - main - INFO - Fetching articles from sources...
2026-02-05 11:57:23,719 - main - INFO - Translating and summarizing articles...
2026-02-05 11:57:23,720 - main - ERROR - Error in main process: Client.__init__() got an unexpected keyword argument 'proxies'
2026-02-05 11:57:52,654 - main - INFO - Starting SDL Security News Crawler
2026-02-05 11:57:52,654 - main - INFO - Fetching articles from sources...
2026-02-05 11:58:06,726 - main - INFO - Translating and summarizing articles...
2026-02-05 11:58:06,765 - main - INFO - Processing article 1/10: How I sped up exploit validation in Repeater using Burp AI
2026-02-05 11:58:23,281 - main - INFO - Processing article 2/10: Functional PoCs in less than a minute? Julen Garrido Estévez puts Burp AI to the test
2026-02-05 11:58:39,680 - main - INFO - Processing article 3/10: DAST without disruption: Burp Suite DAST winter update 2025
2026-02-05 11:58:56,044 - main - INFO - Processing article 4/10: How to detect React2Shell with Burp Suite
2026-02-05 11:59:12,345 - main - INFO - Processing article 5/10: PortSwigger x TryHackMe: Supporting Advent of Cyber
2026-02-05 11:59:28,693 - main - INFO - Processing article 6/10: Hacking with Burp AI in the Chesspocalypse: API expert Corey Ball showcases how Burp AI can support pentesters.
2026-02-05 11:59:45,013 - main - INFO - Processing article 7/10: Can Burp AI hack a website? CyberMaddy explores the new agentic capabilities in Burp AI
2026-02-05 11:59:47,858 - main - INFO - Processing article 8/10: Burp AI takes on a vulnerable web app: watch Tib3rius put Burp’s new agentic capabilities to the test
2026-02-05 12:00:30,516 - main - INFO - Starting SDL Security News Crawler
2026-02-05 12:00:30,516 - main - INFO - Fetching articles from sources...
2026-02-05 12:00:43,831 - main - INFO - Translating and summarizing articles...
2026-02-05 12:00:43,870 - main - INFO - Processing article 1/10: How I sped up exploit validation in Repeater using Burp AI
2026-02-05 12:01:00,417 - main - INFO - Processing article 2/10: Functional PoCs in less than a minute? Julen Garrido Estévez puts Burp AI to the test
2026-02-05 12:21:53,620 - main - INFO - Starting SDL Security News Crawler
2026-02-05 12:21:53,621 - main - INFO - Fetching articles from sources...
2026-02-05 12:22:05,674 - main - INFO - Translating and summarizing articles...
2026-02-05 12:22:05,713 - main - INFO - Processing article 1/3: How I sped up exploit validation in Repeater using Burp AI
2026-02-05 12:22:22,260 - main - INFO - Processing article 2/3: Functional PoCs in less than a minute? Julen Garrido Estévez puts Burp AI to the test
2026-02-05 12:22:38,513 - main - INFO - Processing article 3/3: DAST without disruption: Burp Suite DAST winter update 2025
2026-02-05 12:22:54,860 - main - INFO - Saved articles to data/articles_20260205_122254.json
2026-02-05 12:22:54,860 - main - INFO - Sending report to Lark...
2026-02-05 12:22:54,860 - main - INFO - Daily report completed successfully
